
  .   ____          _            __ _ _
 /\\ / ___'_ __ _ _(_)_ __  __ _ \ \ \ \
( ( )\___ | '_ | '_| | '_ \/ _` | \ \ \ \
 \\/  ___)| |_)| | | | | || (_| |  ) ) ) )
  '  |____| .__|_| |_|_| |_\__, | / / / /
 =========|_|==============|___/=/_/_/_/

 :: Spring Boot ::                (v3.4.5)

2026-05-29T14:23:37.662+08:00  INFO 20476 --- [BarcBackend] [           main] com.miaoyu.barc.BarcBackendApplication   : Starting BarcBackendApplication v0.1.14 using Java 17.0.13 with PID 20476 (D:\Project_Yasenbaka\Barc\BarcBackend\target\BarcBackend-0.1.14.jar started by XilonGz in D:\Project_Yasenbaka\Barc)
2026-05-29T14:23:37.671+08:00  INFO 20476 --- [BarcBackend] [           main] com.miaoyu.barc.BarcBackendApplication   : No active profile set, falling back to 1 default profile: "default"
2026-05-29T14:23:38.468+08:00  INFO 20476 --- [BarcBackend] [           main] .s.d.r.c.RepositoryConfigurationDelegate : Bootstrapping Spring Data JDBC repositories in DEFAULT mode.
2026-05-29T14:23:38.502+08:00  INFO 20476 --- [BarcBackend] [           main] .s.d.r.c.RepositoryConfigurationDelegate : Finished Spring Data repository scanning in 19 ms. Found 0 JDBC repository interfaces.
2026-05-29T14:23:39.531+08:00  INFO 20476 --- [BarcBackend] [           main] o.s.b.w.embedded.tomcat.TomcatWebServer  : Tomcat initialized with port 51000 (http)
2026-05-29T14:23:39.567+08:00  INFO 20476 --- [BarcBackend] [           main] o.apache.catalina.core.StandardService   : Starting service [Tomcat]
2026-05-29T14:23:39.568+08:00  INFO 20476 --- [BarcBackend] [           main] o.apache.catalina.core.StandardEngine    : Starting Servlet engine: [Apache Tomcat/10.1.40]
2026-05-29T14:23:39.668+08:00  INFO 20476 --- [BarcBackend] [           main] o.a.c.c.C.[Tomcat].[localhost].[/]       : Initializing Spring embedded WebApplicationContext
2026-05-29T14:23:39.671+08:00  INFO 20476 --- [BarcBackend] [           main] w.s.c.ServletWebServerApplicationContext : Root WebApplicationContext: initialization completed in 1943 ms
2026-05-29T14:23:41.351+08:00  INFO 20476 --- [BarcBackend] [           main] com.alibaba.druid.pool.DruidDataSource   : {dataSource-1} inited
2026-05-29T14:23:42.115+08:00  INFO 20476 --- [BarcBackend] [           main] org.flywaydb.core.FlywayExecutor         : Database: jdbc:mysql://miaoyu.asia:51001/ba (MySQL 8.0)
2026-05-29T14:23:42.426+08:00  INFO 20476 --- [BarcBackend] [           main] o.f.core.internal.command.DbValidate     : Successfully validated 4 migrations (execution time 00:00.150s)
2026-05-29T14:23:42.591+08:00  INFO 20476 --- [BarcBackend] [           main] o.f.core.internal.command.DbMigrate      : Current version of schema `ba`: 2
2026-05-29T14:23:42.650+08:00  INFO 20476 --- [BarcBackend] [           main] o.f.core.internal.command.DbMigrate      : Migrating schema `ba` to version "3 - add user ban support"
2026-05-29T14:23:43.666+08:00  WARN 20476 --- [BarcBackend] [           main] o.f.c.i.s.DefaultSqlScriptExecutor       : DB: Table 'user_ban_record' already exists (SQL State: 42S01 - Error Code: 1050)
2026-05-29T14:23:43.983+08:00  INFO 20476 --- [BarcBackend] [           main] o.f.core.internal.command.DbMigrate      : Successfully applied 1 migration to schema `ba`, now at version v3 (execution time 00:01.060s)
2026-05-29T14:23:47.556+08:00  INFO 20476 --- [BarcBackend] [           main] o.s.b.w.embedded.tomcat.TomcatWebServer  : Tomcat started on port 51000 (http) with context path '/'
2026-05-29T14:23:47.575+08:00  INFO 20476 --- [BarcBackend] [           main] com.miaoyu.barc.BarcBackendApplication   : Started BarcBackendApplication in 10.505 seconds (process running for 11.008)
2026-05-29T14:42:16.444+08:00  INFO 20476 --- [BarcBackend] [.0-51000-exec-2] o.a.c.c.C.[Tomcat].[localhost].[/]       : Initializing Spring DispatcherServlet 'dispatcherServlet'
2026-05-29T14:42:16.444+08:00  INFO 20476 --- [BarcBackend] [.0-51000-exec-2] o.s.web.servlet.DispatcherServlet        : Initializing Servlet 'dispatcherServlet'
2026-05-29T14:42:16.446+08:00  INFO 20476 --- [BarcBackend] [.0-51000-exec-2] o.s.web.servlet.DispatcherServlet        : Completed initialization in 1 ms
2026-05-29T14:42:17.070+08:00  INFO 20476 --- [BarcBackend] [.0-51000-exec-6] c.miaoyu.barc.user.service.UserService   : 用户档案=分页查询，页码1，大小12
2026-05-29T14:42:22.158+08:00  INFO 20476 --- [BarcBackend] [.0-51000-exec-3] c.m.barc.user.service.UserBanService     : 封号用户，操作人D0703C90FA62381CA61068789B1C8F29，用户，类型1
